python : 2026-03-16 17:37:44 | INFO    | eTrader | [v4_scheduler] Pilot config loaded: 
c:\Fuentes\eTrade\backend\config_btc_pilot.json
En línea: 1 Carácter: 1
+ python c:\Fuentes\eTrade\backend\tmp_verify_cycles.py > c:\Fuentes\eT ...
+ ~~~~~~~~~~~~~~~~~~~~~~~~~~~~~~~~~~~~~~~~~~~~~~~~~~~~~~~~~~~~~~~~~~~~~
    + CategoryInfo          : NotSpecified: (2026-03-16 17:3..._btc_pilot.json:String) [], RemoteException
    + FullyQualifiedErrorId : NativeCommandError
 
2026-03-16 17:37:45 | INFO    | httpx | HTTP Request: POST 
https://iriotnsoauqrfsjbqyyp.supabase.co/rest/v1/system_logs "HTTP/2 201 Created"
2026-03-16 17:37:46 | INFO    | httpx | HTTP Request: GET https://iriotnsoauqrfsjbqyyp.supabase.co/rest/v1/trading_rule
s?select=%2A&enabled=eq.True&current=eq.True&order=priority.asc "HTTP/2 200 OK"
2026-03-16 17:37:46 | INFO    | eTrader | [rule_engine] Loaded 13 rules to memory.
2026-03-16 17:37:46 | INFO    | httpx | HTTP Request: POST 
https://iriotnsoauqrfsjbqyyp.supabase.co/rest/v1/system_logs "HTTP/2 201 Created"
2026-03-16 17:37:46 | INFO    | httpx | HTTP Request: GET 
https://iriotnsoauqrfsjbqyyp.supabase.co/rest/v1/bot_global_state?select=%2A&id=eq.1 "HTTP/2 200 OK"
2026-03-16 17:37:49 | INFO    | httpx | HTTP Request: GET 
https://iriotnsoauqrfsjbqyyp.supabase.co/rest/v1/cooldowns?select=%2A&symbol=eq.BTC%2FUSDT&active=eq.True "HTTP/2 200 
OK"
2026-03-16 17:37:49 | INFO    | httpx | HTTP Request: POST 
https://iriotnsoauqrfsjbqyyp.supabase.co/rest/v1/pilot_diagnostics "HTTP/2 201 Created"
2026-03-16 17:37:49 | INFO    | eTrader | [v4_scheduler] --- Speed 2B: 15m Cycle ---
2026-03-16 17:37:49 | INFO    | httpx | HTTP Request: POST 
https://iriotnsoauqrfsjbqyyp.supabase.co/rest/v1/system_logs "HTTP/2 201 Created"
2026-03-16 17:37:50 | INFO    | httpx | HTTP Request: GET 
https://iriotnsoauqrfsjbqyyp.supabase.co/rest/v1/bot_global_state?select=%2A&id=eq.1 "HTTP/2 200 OK"
2026-03-16 17:37:51 | INFO    | httpx | HTTP Request: POST 
https://iriotnsoauqrfsjbqyyp.supabase.co/rest/v1/market_regime_history "HTTP/2 201 Created"
2026-03-16 17:37:51 | INFO    | eTrader | [market_regime] Regime changed for BTC/USDT: None -> bajo_riesgo
2026-03-16 17:37:52 | INFO    | httpx | HTTP Request: POST 
https://iriotnsoauqrfsjbqyyp.supabase.co/rest/v1/system_logs "HTTP/2 201 Created"
2026-03-16 17:37:52 | INFO    | httpx | HTTP Request: GET 
https://iriotnsoauqrfsjbqyyp.supabase.co/rest/v1/cooldowns?select=%2A&symbol=eq.BTC%2FUSDT&active=eq.True "HTTP/2 200 
OK"
2026-03-16 17:37:52 | INFO    | httpx | HTTP Request: POST 
https://iriotnsoauqrfsjbqyyp.supabase.co/rest/v1/pilot_diagnostics "HTTP/2 201 Created"
Loading config and rules...
Running cycle_5m test...
Running cycle_15m test...
MEMORY_STORE[BTC/USDT] current_atr: 206.0700000000026
MEMORY_STORE[BTC/USDT] avg_atr_20: 217.6857142857154
Tests complete.
2026-03-16 17:37:53 | ERROR   | asyncio | Unclosed client session
client_session: <aiohttp.client.ClientSession object at 0x00000199B860D4B0>
2026-03-16 17:37:53 | ERROR   | asyncio | Unclosed connector
connections: ['deque([(<aiohttp.client_proto.ResponseHandler object at 0x00000199B94B5420>, 34783.578)])', 
'deque([(<aiohttp.client_proto.ResponseHandler object at 0x00000199B94B5F60>, 34785.578), 
(<aiohttp.client_proto.ResponseHandler object at 0x00000199B94B69E0>, 34786.078), 
(<aiohttp.client_proto.ResponseHandler object at 0x00000199B94B6FE0>, 34786.203)])']
connector: <aiohttp.connector.TCPConnector object at 0x00000199B9460B50>
2026-03-16 17:37:53 | ERROR   | asyncio | Fatal error on SSL transport
protocol: <asyncio.sslproto.SSLProtocol object at 0x00000199B94E1990>
transport: <_ProactorSocketTransport fd=1996 read=<_OverlappedFuture cancelled>>
Traceback (most recent call last):
  File "C:\Users\jyups\AppData\Local\Programs\Python\Python310\lib\asyncio\sslproto.py", line 690, in 
_process_write_backlog
    self._transport.write(chunk)
  File "C:\Users\jyups\AppData\Local\Programs\Python\Python310\lib\asyncio\proactor_events.py", line 361, in write
    self._loop_writing(data=bytes(data))
  File "C:\Users\jyups\AppData\Local\Programs\Python\Python310\lib\asyncio\proactor_events.py", line 397, in 
_loop_writing
    self._write_fut = self._loop._proactor.send(self._sock, data)
AttributeError: 'NoneType' object has no attribute 'send'
Exception ignored in: <function _SSLProtocolTransport.__del__ at 0x00000199AE710940>
Traceback (most recent call last):
  File "C:\Users\jyups\AppData\Local\Programs\Python\Python310\lib\asyncio\sslproto.py", line 321, in __del__
  File "C:\Users\jyups\AppData\Local\Programs\Python\Python310\lib\asyncio\sslproto.py", line 316, in close
  File "C:\Users\jyups\AppData\Local\Programs\Python\Python310\lib\asyncio\sslproto.py", line 599, in _start_shutdown
  File "C:\Users\jyups\AppData\Local\Programs\Python\Python310\lib\asyncio\sslproto.py", line 604, in _write_appdata
  File "C:\Users\jyups\AppData\Local\Programs\Python\Python310\lib\asyncio\sslproto.py", line 712, in 
_process_write_backlog
  File "C:\Users\jyups\AppData\Local\Programs\Python\Python310\lib\asyncio\sslproto.py", line 726, in _fatal_error
  File "C:\Users\jyups\AppData\Local\Programs\Python\Python310\lib\asyncio\proactor_events.py", line 151, in 
_force_close
  File "C:\Users\jyups\AppData\Local\Programs\Python\Python310\lib\asyncio\base_events.py", line 750, in call_soon
  File "C:\Users\jyups\AppData\Local\Programs\Python\Python310\lib\asyncio\base_events.py", line 515, in _check_closed
RuntimeError: Event loop is closed
2026-03-16 17:37:53 | ERROR   | asyncio | Fatal error on SSL transport
protocol: <asyncio.sslproto.SSLProtocol object at 0x00000199B837D5D0>
transport: <_ProactorSocketTransport fd=1972 read=<_OverlappedFuture cancelled>>
Traceback (most recent call last):
  File "C:\Users\jyups\AppData\Local\Programs\Python\Python310\lib\asyncio\sslproto.py", line 690, in 
_process_write_backlog
    self._transport.write(chunk)
  File "C:\Users\jyups\AppData\Local\Programs\Python\Python310\lib\asyncio\proactor_events.py", line 361, in write
    self._loop_writing(data=bytes(data))
  File "C:\Users\jyups\AppData\Local\Programs\Python\Python310\lib\asyncio\proactor_events.py", line 397, in 
_loop_writing
    self._write_fut = self._loop._proactor.send(self._sock, data)
AttributeError: 'NoneType' object has no attribute 'send'
Exception ignored in: <function _SSLProtocolTransport.__del__ at 0x00000199AE710940>
Traceback (most recent call last):
  File "C:\Users\jyups\AppData\Local\Programs\Python\Python310\lib\asyncio\sslproto.py", line 321, in __del__
  File "C:\Users\jyups\AppData\Local\Programs\Python\Python310\lib\asyncio\sslproto.py", line 316, in close
  File "C:\Users\jyups\AppData\Local\Programs\Python\Python310\lib\asyncio\sslproto.py", line 599, in _start_shutdown
  File "C:\Users\jyups\AppData\Local\Programs\Python\Python310\lib\asyncio\sslproto.py", line 604, in _write_appdata
  File "C:\Users\jyups\AppData\Local\Programs\Python\Python310\lib\asyncio\sslproto.py", line 712, in 
_process_write_backlog
  File "C:\Users\jyups\AppData\Local\Programs\Python\Python310\lib\asyncio\sslproto.py", line 726, in _fatal_error
  File "C:\Users\jyups\AppData\Local\Programs\Python\Python310\lib\asyncio\proactor_events.py", line 151, in 
_force_close
  File "C:\Users\jyups\AppData\Local\Programs\Python\Python310\lib\asyncio\base_events.py", line 750, in call_soon
  File "C:\Users\jyups\AppData\Local\Programs\Python\Python310\lib\asyncio\base_events.py", line 515, in _check_closed
RuntimeError: Event loop is closed
2026-03-16 17:37:53 | ERROR   | asyncio | Fatal error on SSL transport
protocol: <asyncio.sslproto.SSLProtocol object at 0x00000199B9463AF0>
transport: <_ProactorSocketTransport fd=2088 read=<_OverlappedFuture cancelled>>
Traceback (most recent call last):
  File "C:\Users\jyups\AppData\Local\Programs\Python\Python310\lib\asyncio\sslproto.py", line 690, in 
_process_write_backlog
    self._transport.write(chunk)
  File "C:\Users\jyups\AppData\Local\Programs\Python\Python310\lib\asyncio\proactor_events.py", line 361, in write
    self._loop_writing(data=bytes(data))
  File "C:\Users\jyups\AppData\Local\Programs\Python\Python310\lib\asyncio\proactor_events.py", line 397, in 
_loop_writing
    self._write_fut = self._loop._proactor.send(self._sock, data)
AttributeError: 'NoneType' object has no attribute 'send'
Exception ignored in: <function _SSLProtocolTransport.__del__ at 0x00000199AE710940>
Traceback (most recent call last):
  File "C:\Users\jyups\AppData\Local\Programs\Python\Python310\lib\asyncio\sslproto.py", line 321, in __del__
  File "C:\Users\jyups\AppData\Local\Programs\Python\Python310\lib\asyncio\sslproto.py", line 316, in close
  File "C:\Users\jyups\AppData\Local\Programs\Python\Python310\lib\asyncio\sslproto.py", line 599, in _start_shutdown
  File "C:\Users\jyups\AppData\Local\Programs\Python\Python310\lib\asyncio\sslproto.py", line 604, in _write_appdata
  File "C:\Users\jyups\AppData\Local\Programs\Python\Python310\lib\asyncio\sslproto.py", line 712, in 
_process_write_backlog
  File "C:\Users\jyups\AppData\Local\Programs\Python\Python310\lib\asyncio\sslproto.py", line 726, in _fatal_error
  File "C:\Users\jyups\AppData\Local\Programs\Python\Python310\lib\asyncio\proactor_events.py", line 151, in 
_force_close
  File "C:\Users\jyups\AppData\Local\Programs\Python\Python310\lib\asyncio\base_events.py", line 750, in call_soon
  File "C:\Users\jyups\AppData\Local\Programs\Python\Python310\lib\asyncio\base_events.py", line 515, in _check_closed
RuntimeError: Event loop is closed
2026-03-16 17:37:53 | ERROR   | asyncio | Fatal error on SSL transport
protocol: <asyncio.sslproto.SSLProtocol object at 0x00000199B94E2110>
transport: <_ProactorSocketTransport fd=2180 read=<_OverlappedFuture cancelled>>
Traceback (most recent call last):
  File "C:\Users\jyups\AppData\Local\Programs\Python\Python310\lib\asyncio\sslproto.py", line 690, in 
_process_write_backlog
    self._transport.write(chunk)
  File "C:\Users\jyups\AppData\Local\Programs\Python\Python310\lib\asyncio\proactor_events.py", line 361, in write
    self._loop_writing(data=bytes(data))
  File "C:\Users\jyups\AppData\Local\Programs\Python\Python310\lib\asyncio\proactor_events.py", line 397, in 
_loop_writing
    self._write_fut = self._loop._proactor.send(self._sock, data)
AttributeError: 'NoneType' object has no attribute 'send'
Exception ignored in: <function _SSLProtocolTransport.__del__ at 0x00000199AE710940>
Traceback (most recent call last):
  File "C:\Users\jyups\AppData\Local\Programs\Python\Python310\lib\asyncio\sslproto.py", line 321, in __del__
  File "C:\Users\jyups\AppData\Local\Programs\Python\Python310\lib\asyncio\sslproto.py", line 316, in close
  File "C:\Users\jyups\AppData\Local\Programs\Python\Python310\lib\asyncio\sslproto.py", line 599, in _start_shutdown
  File "C:\Users\jyups\AppData\Local\Programs\Python\Python310\lib\asyncio\sslproto.py", line 604, in _write_appdata
  File "C:\Users\jyups\AppData\Local\Programs\Python\Python310\lib\asyncio\sslproto.py", line 712, in 
_process_write_backlog
  File "C:\Users\jyups\AppData\Local\Programs\Python\Python310\lib\asyncio\sslproto.py", line 726, in _fatal_error
  File "C:\Users\jyups\AppData\Local\Programs\Python\Python310\lib\asyncio\proactor_events.py", line 151, in 
_force_close
  File "C:\Users\jyups\AppData\Local\Programs\Python\Python310\lib\asyncio\base_events.py", line 750, in call_soon
  File "C:\Users\jyups\AppData\Local\Programs\Python\Python310\lib\asyncio\base_events.py", line 515, in _check_closed
RuntimeError: Event loop is closed
